Archive member included because of file (symbol)

/home/pato/workspace/FreeRTOS_Library/Debug/libFreeRTOS_Library.a(port.o)
                              ./src/cr_startup_lpc176x.o (vPortSVCHandler)
/home/pato/workspace/FreeRTOS_Library/Debug/libFreeRTOS_Library.a(queue.o)
                              ./src/main.o (xQueueCreate)
/home/pato/workspace/FreeRTOS_Library/Debug/libFreeRTOS_Library.a(tasks.o)
                              ./src/main.o (xTaskGenericCreate)
/home/pato/workspace/FreeRTOS_Library/Debug/libFreeRTOS_Library.a(heap_2.o)
                              /home/pato/workspace/FreeRTOS_Library/Debug/libFreeRTOS_Library.a(queue.o) (pvPortMalloc)
/home/pato/workspace/FreeRTOS_Library/Debug/libFreeRTOS_Library.a(list.o)
                              /home/pato/workspace/FreeRTOS_Library/Debug/libFreeRTOS_Library.a(queue.o) (vListInitialise)
/home/pato/workspace/Lib_CMSIS2p0_and_Drivers_17XX/Debug/libLib_CMSIS2p0_and_Drivers_17XX.a(lpc17xx_pinsel.o)
                              ./src/main.o (PINSEL_ConfigPin)
/home/pato/workspace/Lib_CMSIS2p0_and_Drivers_17XX/Debug/libLib_CMSIS2p0_and_Drivers_17XX.a(lpc17xx_rtc.o)
                              ./src/main.o (RTC_Init)
/home/pato/workspace/Lib_CMSIS2p0_and_Drivers_17XX/Debug/libLib_CMSIS2p0_and_Drivers_17XX.a(lpc17xx_uart.o)
                              ./src/main.o (UART_Init)
/home/pato/workspace/Lib_CMSIS2p0_and_Drivers_17XX/Debug/libLib_CMSIS2p0_and_Drivers_17XX.a(system_LPC17xx.o)
                              ./src/cr_startup_lpc176x.o (SystemInit)
/home/pato/workspace/Lib_CMSIS2p0_and_Drivers_17XX/Debug/libLib_CMSIS2p0_and_Drivers_17XX.a(lpc17xx_clkpwr.o)
                              /home/pato/workspace/Lib_CMSIS2p0_and_Drivers_17XX/Debug/libLib_CMSIS2p0_and_Drivers_17XX.a(lpc17xx_uart.o) (CLKPWR_GetPCLK)
/home/pato/workspace/Lib_CMSIS2p0_and_Drivers_17XX/Debug/libLib_CMSIS2p0_and_Drivers_17XX.a(lpc17xx_libcfg_default.o)
                              /home/pato/workspace/Lib_CMSIS2p0_and_Drivers_17XX/Debug/libLib_CMSIS2p0_and_Drivers_17XX.a(lpc17xx_rtc.o) (check_failed)
/usr/local/lpcxpresso_5.0.10_1022/lpcxpresso/tools/bin/../lib/gcc/arm-none-eabi/4.6.2/../../../../arm-none-eabi/lib/armv7-m/libcr_semihost.a(_cr__main.o)
                              ./src/cr_startup_lpc176x.o (__main)
/usr/local/lpcxpresso_5.0.10_1022/lpcxpresso/tools/bin/../lib/gcc/arm-none-eabi/4.6.2/../../../../arm-none-eabi/lib/armv7-m/libcr_c.a(memcpy.o)
                              /home/pato/workspace/FreeRTOS_Library/Debug/libFreeRTOS_Library.a(queue.o) (memcpy)
/usr/local/lpcxpresso_5.0.10_1022/lpcxpresso/tools/bin/../lib/gcc/arm-none-eabi/4.6.2/../../../../arm-none-eabi/lib/armv7-m/libcr_c.a(memset.o)
                              /home/pato/workspace/FreeRTOS_Library/Debug/libFreeRTOS_Library.a(tasks.o) (memset)
/usr/local/lpcxpresso_5.0.10_1022/lpcxpresso/tools/bin/../lib/gcc/arm-none-eabi/4.6.2/../../../../arm-none-eabi/lib/armv7-m/libcr_c.a(floor.o)
                              ./src/main.o (floor)
/usr/local/lpcxpresso_5.0.10_1022/lpcxpresso/tools/bin/../lib/gcc/arm-none-eabi/4.6.2/../../../../arm-none-eabi/lib/armv7-m/libcr_c.a(fmod.o)
                              ./src/main.o (fmod)
/usr/local/lpcxpresso_5.0.10_1022/lpcxpresso/tools/bin/../lib/gcc/arm-none-eabi/4.6.2/../../../../arm-none-eabi/lib/armv7-m/libcr_c.a(initio.o)
                              /usr/local/lpcxpresso_5.0.10_1022/lpcxpresso/tools/bin/../lib/gcc/arm-none-eabi/4.6.2/../../../../arm-none-eabi/lib/armv7-m/libcr_semihost.a(_cr__main.o) (_initio)
/usr/local/lpcxpresso_5.0.10_1022/lpcxpresso/tools/bin/../lib/gcc/arm-none-eabi/4.6.2/../../../../arm-none-eabi/lib/armv7-m/libcr_c.a(memcmp.o)
                              /home/pato/workspace/FreeRTOS_Library/Debug/libFreeRTOS_Library.a(tasks.o) (memcmp)
/usr/local/lpcxpresso_5.0.10_1022/lpcxpresso/tools/bin/../lib/gcc/arm-none-eabi/4.6.2/../../../../arm-none-eabi/lib/armv7-m/libcr_c.a(modf.o)
                              /usr/local/lpcxpresso_5.0.10_1022/lpcxpresso/tools/bin/../lib/gcc/arm-none-eabi/4.6.2/../../../../arm-none-eabi/lib/armv7-m/libcr_c.a(fmod.o) (modf)
/usr/local/lpcxpresso_5.0.10_1022/lpcxpresso/tools/bin/../lib/gcc/arm-none-eabi/4.6.2/../../../../arm-none-eabi/lib/armv7-m/libcr_c.a(setvbuf.o)
                              /usr/local/lpcxpresso_5.0.10_1022/lpcxpresso/tools/bin/../lib/gcc/arm-none-eabi/4.6.2/../../../../arm-none-eabi/lib/armv7-m/libcr_c.a(initio.o) (setvbuf)
/usr/local/lpcxpresso_5.0.10_1022/lpcxpresso/tools/bin/../lib/gcc/arm-none-eabi/4.6.2/../../../../arm-none-eabi/lib/armv7-m/libcr_c.a(stdio.o)
                              /usr/local/lpcxpresso_5.0.10_1022/lpcxpresso/tools/bin/../lib/gcc/arm-none-eabi/4.6.2/../../../../arm-none-eabi/lib/armv7-m/libcr_c.a(initio.o) (__Ciob)
/usr/local/lpcxpresso_5.0.10_1022/lpcxpresso/tools/bin/../lib/gcc/arm-none-eabi/4.6.2/../../../../arm-none-eabi/lib/armv7-m/libcr_c.a(strlen.o)
                              ./src/main.o (strlen)
[...]
Memory Configuration

Name             Origin             Length             Attributes
MFlash512        0x00000000         0x00080000         xr
RamLoc32         0x10000000         0x00008000         xrw
RamAHB32         0x2007c000         0x00008000         xrw
*default*        0x00000000         0xffffffff

Linker script and memory map

LOAD ./src/cr_startup_lpc176x.o
LOAD ./src/main.o
LOAD /home/pato/workspace/FreeRTOS_Library/Debug/libFreeRTOS_Library.a
LOAD /home/pato/workspace/Lib_CMSIS2p0_and_Drivers_17XX/Debug/libLib_CMSIS2p0_and_Drivers_17XX.a
LOAD /home/pato/workspace/CMSISv1p30_LPC17xx/Debug/libCMSISv1p30_LPC17xx.a
START GROUP
LOAD /usr/local/lpcxpresso_5.0.10_1022/lpcxpresso/tools/bin/../lib/gcc/arm-none-eabi/4.6.2/../../../../arm-none-eabi/lib/armv7-m/libcr_semihost.a
LOAD /usr/local/lpcxpresso_5.0.10_1022/lpcxpresso/tools/bin/../lib/gcc/arm-none-eabi/4.6.2/../../../../arm-none-eabi/lib/armv7-m/libcr_c.a
LOAD /usr/local/lpcxpresso_5.0.10_1022/lpcxpresso/tools/bin/../lib/gcc/arm-none-eabi/4.6.2/armv7-m/libcr_eabihelpers.a
END GROUP
                0x00080000                __top_MFlash512 = 0x80000
                0x10008000                __top_RamLoc32 = 0x10008000
                0x20084000                __top_RamAHB32 = 0x20084000

.text           0x00000000     0x4618
 FILL mask 0xff
 *(.isr_vector)
 .isr_vector    0x00000000       0xcc ./src/cr_startup_lpc176x.o
                0x00000000                g_pfnVectors
                0x000000cc                . = ALIGN (0x4)
                0x000000cc                __section_table_start = .
                0x000000cc                __data_section_table = .
                0x000000cc        0x4 LONG 0x4618 LOADADDR (.data)
                0x000000d0        0x4 LONG 0x10000000 ADDR (.data)
                0x000000d4        0x4 LONG 0x18 SIZEOF (.data)
                0x000000d8        0x4 LONG 0x4618 LOADADDR (.data_RAM2)
                0x000000dc        0x4 LONG 0x2007c000 ADDR (.data_RAM2)
                0x000000e0        0x4 LONG 0x0 SIZEOF (.data_RAM2)
                0x000000e4                __data_section_table_end = .
                0x000000e4                __bss_section_table = .
                0x000000e4        0x4 LONG 0x10000018 ADDR (.bss)
                0x000000e8        0x4 LONG 0x2a98 SIZEOF (.bss)
                0x000000ec        0x4 LONG 0x2007c000 ADDR (.bss_RAM2)
                0x000000f0        0x4 LONG 0x0 SIZEOF (.bss_RAM2)
                0x000000f4                __bss_section_table_end = .
                0x000000f4                __section_table_end = .
 *(.after_vectors*)
 *(.text*)
 .text.NMI_Handler
                0x000000f4        0x2 ./src/cr_startup_lpc176x.o
                0x000000f4                NMI_Handler
 .text.HardFault_Handler
                0x000000f6        0x2 ./src/cr_startup_lpc176x.o
                0x000000f6                HardFault_Handler
 .text.MemManage_Handler
                0x000000f8        0x2 ./src/cr_startup_lpc176x.o
                0x000000f8                MemManage_Handler
 .text.BusFault_Handler
                0x000000fa        0x2 ./src/cr_startup_lpc176x.o
                0x000000fa                BusFault_Handler
 .text.UsageFault_Handler
                0x000000fc        0x2 ./src/cr_startup_lpc176x.o
                0x000000fc                UsageFault_Handler
 .text.DebugMon_Handler
                0x000000fe        0x2 ./src/cr_startup_lpc176x.o
                0x000000fe                DebugMon_Handler
 .text.ResetISR
                0x00000100       0x48 ./src/cr_startup_lpc176x.o
                0x00000100                ResetISR
 .text.IntDefaultHandler
                0x00000148        0x2 ./src/cr_startup_lpc176x.o
                0x00000148                TIMER2_IRQHandler
                0x00000148                RIT_IRQHandler
                0x00000148                I2C0_IRQHandler
                0x00000148                USBActivity_IRQHandler
                0x00000148                PWM1_IRQHandler
                0x00000148                I2C1_IRQHandler
                0x00000148                EINT2_IRQHandler
                0x00000148                UART1_IRQHandler
                0x00000148                EINT3_IRQHandler
                0x00000148                CANActivity_IRQHandler
                0x00000148                TIMER3_IRQHandler
                0x00000148                UART0_IRQHandler
                0x00000148                IntDefaultHandler
                0x00000148                PLL0_IRQHandler
                0x00000148                CAN_IRQHandler
                0x00000148                PLL1_IRQHandler
                0x00000148                SSP0_IRQHandler
                0x00000148                I2S_IRQHandler
                0x00000148                I2C2_IRQHandler
                0x00000148                RTC_IRQHandler
                0x00000148                TIMER0_IRQHandler
                0x00000148                SPI_IRQHandler
                0x00000148                EINT1_IRQHandler
                0x00000148                TIMER1_IRQHandler
                0x00000148                UART2_IRQHandler
                0x00000148                ADC_IRQHandler
                0x00000148                SSP1_IRQHandler
                0x00000148                USB_IRQHandler
                0x00000148                BOD_IRQHandler
                0x00000148                WDT_IRQHandler
                0x00000148                QEI_IRQHandler
                0x00000148                DMA_IRQHandler
                0x00000148                MCPWM_IRQHandler
                0x00000148                ENET_IRQHandler
 *fill*         0x0000014a        0x2 00
 .text.NVIC_EnableIRQ
                0x0000014c       0x38 ./src/main.o
 .text.main     0x00000184      0x120 ./src/main.o
                0x00000184                main
 .text.vPeriodicTask1
                0x000002a4       0x74 ./src/main.o
 .text.vAsincronicTask2
                0x00000318       0xb0 ./src/main.o
 .text.vAsincronicTask3
                0x000003c8      0x174 ./src/main.o
 .text.vSetupRtc
                0x0000053c       0xbc ./src/main.o
                0x0000053c                vSetupRtc
 .text.vSetupIntExt
                0x000005f8       0x4c ./src/main.o
                0x000005f8                vSetupIntExt
 .text.vSetupUart3
                0x00000644       0xb8 ./src/main.o
                0x00000644                vSetupUart3
 .text.UART3_Enviar
                0x000006fc       0x28 ./src/main.o
                0x000006fc                UART3_Enviar
 .text.EINT0_IRQHandler
                0x00000724      0x224 ./src/main.o
                0x00000724                EINT0_IRQHandler
 .text.UART3_IRQHandler
                0x00000948       0x84 ./src/main.o
                0x00000948                UART3_IRQHandler
 .text.vApplicationMallocFailedHook
                0x000009cc        0x8 ./src/main.o
                0x000009cc                vApplicationMallocFailedHook
 .text.vApplicationStackOverflowHook
                0x000009d4        0xc ./src/main.o
                0x000009d4                vApplicationStackOverflowHook
 .text.vApplicationIdleHook
                0x000009e0        0xc ./src/main.o
                0x000009e0                vApplicationIdleHook
 .text.vApplicationTickHook
                0x000009ec        0xc ./src/main.o
                0x000009ec                vApplicationTickHook
 .text          0x000009f8      0x154 /home/pato/workspace/FreeRTOS_Library/Debug/libFreeRTOS_Library.a(port.o)
                0x000009f8                pxPortInitialiseStack
                0x00000a18                vPortSVCHandler
                0x00000a38                vPortStartFirstTask
                0x00000a48                xPortStartScheduler
                0x00000a98                vPortEndScheduler
                0x00000a9c                vPortYieldFromISR
                0x00000aac                vPortEnterCritical
                0x00000ac8                vPortExitCritical
                0x00000ae4                xPortPendSVHandler
                0x00000b20                xPortSysTickHandler
 .text          0x00000b4c      0x4e4 /home/pato/workspace/FreeRTOS_Library/Debug/libFreeRTOS_Library.a(queue.o)
                0x00000c54                xQueueCreate
                0x00000cc0                xQueueCreateCountingSemaphore
                0x00000cd4                xQueueGenericSend
                0x00000db8                xQueueCreateMutex
                0x00000e04                xQueueGenericSendFromISR
                0x00000e68                xQueueGenericReceive
                0x00000f80                xQueueReceiveFromISR
                0x00000fe8                uxQueueMessagesWaiting
                0x00000ffc                uxQueueMessagesWaitingFromISR
                0x00001000                vQueueDelete
                0x00001014                xQueueIsQueueEmptyFromISR
                0x00001020                xQueueIsQueueFullFromISR
 .text          0x00001030      0xca4 /home/pato/workspace/FreeRTOS_Library/Debug/libFreeRTOS_Library.a(tasks.o)
                0x00001030                xTaskGenericCreate
                0x00001230                vTaskDelete
                0x000012b0                uxTaskPriorityGet
                0x000012d0                vTaskPrioritySet
                0x00001384                xTaskIsTaskSuspended
                0x000013b0                vTaskResume
                0x0000142c                xTaskResumeFromISR
                0x000014a8                vTaskStartScheduler
                0x000014fc                vTaskEndScheduler
                0x0000151c                vTaskSuspendAll
                0x00001534                xTaskGetTickCount
                0x00001550                xTaskGetTickCountFromISR
                0x00001560                uxTaskGetNumberOfTasks
                0x0000156c                vTaskIncrementTick
                0x0000164c                xTaskResumeAll
                0x000017c8                vTaskDelay
                0x00001820                vTaskDelayUntil
                0x000018bc                vTaskSwitchContext
                0x000019b8                vTaskSuspend
                0x00001a44                vTaskPlaceOnEventList
                0x00001ab0                xTaskRemoveFromEventList
                0x00001b3c                vTaskSetTimeOutState
                0x00001b54                xTaskCheckForTimeOut
                0x00001bd4                vTaskMissedYield
                0x00001be8                xTaskGetCurrentTaskHandle
                0x00001bf4                vTaskPriorityInherit
                0x00001c80                vTaskPriorityDisinherit
 .text          0x00001cd4      0x140 /home/pato/workspace/FreeRTOS_Library/Debug/libFreeRTOS_Library.a(heap_2.o)
                0x00001cd4                pvPortMalloc
                0x00001dc0                vPortFree
                0x00001e04                xPortGetFreeHeapSize
                0x00001e10                vPortInitialiseBlocks
 .text          0x00001e14       0xa4 /home/pato/workspace/FreeRTOS_Library/Debug/libFreeRTOS_Library.a(list.o)
                0x00001e14                vListInitialise
                0x00001e2c                vListInitialiseItem
                0x00001e34                vListInsertEnd
                0x00001e54                vListInsert
                0x00001e90                vListRemove
 .text.set_PinFunc
                0x00001eb8       0x9c /home/pato/workspace/Lib_CMSIS2p0_and_Drivers_17XX/Debug/libLib_CMSIS2p0_and_Drivers_17XX.a(lpc17xx_pinsel.o)
 .text.set_ResistorMode
                0x00001f54       0x9c /home/pato/workspace/Lib_CMSIS2p0_and_Drivers_17XX/Debug/libLib_CMSIS2p0_and_Drivers_17XX.a(lpc17xx_pinsel.o)
 .text.set_OpenDrainMode
                0x00001ff0       0x7c /home/pato/workspace/Lib_CMSIS2p0_and_Drivers_17XX/Debug/libLib_CMSIS2p0_and_Drivers_17XX.a(lpc17xx_pinsel.o)
 .text.PINSEL_ConfigPin
                0x0000206c       0x54 /home/pato/workspace/Lib_CMSIS2p0_and_Drivers_17XX/Debug/libLib_CMSIS2p0_and_Drivers_17XX.a(lpc17xx_pinsel.o)
                0x0000206c                PINSEL_ConfigPin
 .text.RTC_Init
                0x000020c0       0x64 /home/pato/workspace/Lib_CMSIS2p0_and_Drivers_17XX/Debug/libLib_CMSIS2p0_and_Drivers_17XX.a(lpc17xx_rtc.o)
                0x000020c0                RTC_Init
 .text.RTC_ResetClockTickCounter
                0x00002124       0x50 /home/pato/workspace/Lib_CMSIS2p0_and_Drivers_17XX/Debug/libLib_CMSIS2p0_and_Drivers_17XX.a(lpc17xx_rtc.o)
                0x00002124                RTC_ResetClockTickCounter
 .text.RTC_Cmd  0x00002174       0x78 /home/pato/workspace/Lib_CMSIS2p0_and_Drivers_17XX/Debug/libLib_CMSIS2p0_and_Drivers_17XX.a(lpc17xx_rtc.o)
                0x00002174                RTC_Cmd
 .text.RTC_SetTime
                0x000021ec      0x1fc /home/pato/workspace/Lib_CMSIS2p0_and_Drivers_17XX/Debug/libLib_CMSIS2p0_and_Drivers_17XX.a(lpc17xx_rtc.o)
                0x000021ec                RTC_SetTime
 .text.RTC_GetFullTime
                0x000023e8       0xb4 /home/pato/workspace/Lib_CMSIS2p0_and_Drivers_17XX/Debug/libLib_CMSIS2p0_and_Drivers_17XX.a(lpc17xx_rtc.o)
                0x000023e8                RTC_GetFullTime
 .text.uart_set_divisors
                0x0000249c      0x26c /home/pato/workspace/Lib_CMSIS2p0_and_Drivers_17XX/Debug/libLib_CMSIS2p0_and_Drivers_17XX.a(lpc17xx_uart.o)
 .text.UART_Init
                0x00002708      0x368 /home/pato/workspace/Lib_CMSIS2p0_and_Drivers_17XX/Debug/libLib_CMSIS2p0_and_Drivers_17XX.a(lpc17xx_uart.o)
                0x00002708                UART_Init
 .text.UART_SendByte
                0x00002a70       0x78 /home/pato/workspace/Lib_CMSIS2p0_and_Drivers_17XX/Debug/libLib_CMSIS2p0_and_Drivers_17XX.a(lpc17xx_uart.o)
                0x00002a70                UART_SendByte
 .text.UART_ReceiveByte
                0x00002ae8       0x78 /home/pato/workspace/Lib_CMSIS2p0_and_Drivers_17XX/Debug/libLib_CMSIS2p0_and_Drivers_17XX.a(lpc17xx_uart.o)
                0x00002ae8                UART_ReceiveByte
 .text.UART_Send
                0x00002b60      0x10c /home/pato/workspace/Lib_CMSIS2p0_and_Drivers_17XX/Debug/libLib_CMSIS2p0_and_Drivers_17XX.a(lpc17xx_uart.o)
                0x00002b60                UART_Send
 .text.UART_IntConfig
                0x00002c6c      0x1c8 /home/pato/workspace/Lib_CMSIS2p0_and_Drivers_17XX/Debug/libLib_CMSIS2p0_and_Drivers_17XX.a(lpc17xx_uart.o)
                0x00002c6c                UART_IntConfig
 .text.UART_TxCmd
                0x00002e34       0xe8 /home/pato/workspace/Lib_CMSIS2p0_and_Drivers_17XX/Debug/libLib_CMSIS2p0_and_Drivers_17XX.a(lpc17xx_uart.o)
                0x00002e34                UART_TxCmd
 .text.SystemInit
                0x00002f1c      0x240 /home/pato/workspace/Lib_CMSIS2p0_and_Drivers_17XX/Debug/libLib_CMSIS2p0_and_Drivers_17XX.a(system_LPC17xx.o)
                0x00002f1c                SystemInit
 .text.CLKPWR_GetPCLKSEL
                0x0000315c       0x54 /home/pato/workspace/Lib_CMSIS2p0_and_Drivers_17XX/Debug/libLib_CMSIS2p0_and_Drivers_17XX.a(lpc17xx_clkpwr.o)
                0x0000315c                CLKPWR_GetPCLKSEL
 .text.CLKPWR_GetPCLK
                0x000031b0       0x74 /home/pato/workspace/Lib_CMSIS2p0_and_Drivers_17XX/Debug/libLib_CMSIS2p0_and_Drivers_17XX.a(lpc17xx_clkpwr.o)
                0x000031b0                CLKPWR_GetPCLK
 .text.CLKPWR_ConfigPPWR
                0x00003224       0x78 /home/pato/workspace/Lib_CMSIS2p0_and_Drivers_17XX/Debug/libLib_CMSIS2p0_and_Drivers_17XX.a(lpc17xx_clkpwr.o)
                0x00003224                CLKPWR_ConfigPPWR
 .text.check_failed
                0x0000329c        0xc /home/pato/workspace/Lib_CMSIS2p0_and_Drivers_17XX/Debug/libLib_CMSIS2p0_and_Drivers_17XX.a(lpc17xx_libcfg_default.o)
                0x0000329c                check_failed
 .text.__main   0x000032a8       0x14 /usr/local/lpcxpresso_5.0.10_1022/lpcxpresso/tools/bin/../lib/gcc/arm-none-eabi/4.6.2/../../../../arm-none-eabi/lib/armv7-m/libcr_semihost.a(_cr__main.o)
                0x000032a8                __main
                0x000032a8                __CR_SEMIHOST
 .text.memcpy   0x000032bc        0x4 /usr/local/lpcxpresso_5.0.10_1022/lpcxpresso/tools/bin/../lib/gcc/arm-none-eabi/4.6.2/../../../../arm-none-eabi/lib/armv7-m/libcr_c.a(memcpy.o)
                0x000032bc                memcpy
 .text.memset   0x000032c0        0x4 /usr/local/lpcxpresso_5.0.10_1022/lpcxpresso/tools/bin/../lib/gcc/arm-none-eabi/4.6.2/../../../../arm-none-eabi/lib/armv7-m/libcr_c.a(memset.o)
                0x000032c0                memset
 .text.floor    0x000032c4       0xa4 /usr/local/lpcxpresso_5.0.10_1022/lpcxpresso/tools/bin/../lib/gcc/arm-none-eabi/4.6.2/../../../../arm-none-eabi/lib/armv7-m/libcr_c.a(floor.o)
                0x000032c4                floor
 .text.fmod     0x00003368      0x130 /usr/local/lpcxpresso_5.0.10_1022/lpcxpresso/tools/bin/../lib/gcc/arm-none-eabi/4.6.2/../../../../arm-none-eabi/lib/armv7-m/libcr_c.a(fmod.o)
                0x00003368                fmod
 .text._initio  0x00003498       0x9c /usr/local/lpcxpresso_5.0.10_1022/lpcxpresso/tools/bin/../lib/gcc/arm-none-eabi/4.6.2/../../../../arm-none-eabi/lib/armv7-m/libcr_c.a(initio.o)
                0x00003498                _initio
 .text.memcmp   0x00003534       0x38 /usr/local/lpcxpresso_5.0.10_1022/lpcxpresso/tools/bin/../lib/gcc/arm-none-eabi/4.6.2/../../../../arm-none-eabi/lib/armv7-m/libcr_c.a(memcmp.o)
                0x00003534                memcmp
 .text.modf     0x0000356c       0x90 /usr/local/lpcxpresso_5.0.10_1022/lpcxpresso/tools/bin/../lib/gcc/arm-none-eabi/4.6.2/../../../../arm-none-eabi/lib/armv7-m/libcr_c.a(modf.o)
                0x0000356c                modf
 .text.setvbuf  0x000035fc       0x48 /usr/local/lpcxpresso_5.0.10_1022/lpcxpresso/tools/bin/../lib/gcc/arm-none-eabi/4.6.2/../../../../arm-none-eabi/lib/armv7-m/libcr_c.a(setvbuf.o)
                0x000035fc                setvbuf
 .text.strlen   0x00003644       0x4c /usr/local/lpcxpresso_5.0.10_1022/lpcxpresso/tools/bin/../lib/gcc/arm-none-eabi/4.6.2/../../../../arm-none-eabi/lib/armv7-m/libcr_c.a(strlen.o)
                0x00003644                strlen
 .text.strncpy  0x00003690       0x54 /usr/local/lpcxpresso_5.0.10_1022/lpcxpresso/tools/bin/../lib/gcc/arm-none-eabi/4.6.2/../../../../arm-none-eabi/lib/armv7-m/libcr_c.a(strncpy.o)
                0x00003690                strncpy
 .text._deferredlazyseek
                0x000036e4       0x44 /usr/local/lpcxpresso_5.0.10_1022/lpcxpresso/tools/bin/../lib/gcc/arm-none-eabi/4.6.2/../../../../arm-none-eabi/lib/armv7-m/libcr_c.a(_deferredlazyseek.o)
                0x000036e4                _deferredlazyseek
 .text._fdopen  0x00003728       0x6c /usr/local/lpcxpresso_5.0.10_1022/lpcxpresso/tools/bin/../lib/gcc/arm-none-eabi/4.6.2/../../../../arm-none-eabi/lib/armv7-m/libcr_c.a(_fdopen.o)
                0x00003728                _fdopen
 .text._fflush  0x00003794       0x58 /usr/local/lpcxpresso_5.0.10_1022/lpcxpresso/tools/bin/../lib/gcc/arm-none-eabi/4.6.2/../../../../arm-none-eabi/lib/armv7-m/libcr_c.a(_fflush.o)
                0x00003794                _fflush
 .text._Cwritebuf
                0x000037ec       0x84 /usr/local/lpcxpresso_5.0.10_1022/lpcxpresso/tools/bin/../lib/gcc/arm-none-eabi/4.6.2/../../../../arm-none-eabi/lib/armv7-m/libcr_c.a(_writebuf.o)
                0x000037ec                _Cwritebuf
 .text.malloc   0x00003870       0xbc /usr/local/lpcxpresso_5.0.10_1022/lpcxpresso/tools/bin/../lib/gcc/arm-none-eabi/4.6.2/../../../../arm-none-eabi/lib/armv7-m/libcr_c.a(alloc.o)
                0x00003870                malloc
 .text.free     0x0000392c        0xa /usr/local/lpcxpresso_5.0.10_1022/lpcxpresso/tools/bin/../lib/gcc/arm-none-eabi/4.6.2/../../../../arm-none-eabi/lib/armv7-m/libcr_c.a(alloc.o)
                0x0000392c                free
 *fill*         0x00003936        0x2 00
 .text._Csys_alloc
                0x00003938       0x20 /usr/local/lpcxpresso_5.0.10_1022/lpcxpresso/tools/bin/../lib/gcc/arm-none-eabi/4.6.2/../../../../arm-none-eabi/lib/armv7-m/libcr_c.a(alloc.o)
                0x00003938                _Csys_alloc
 .text.fclose   0x00003958       0x6c /usr/local/lpcxpresso_5.0.10_1022/lpcxpresso/tools/bin/../lib/gcc/arm-none-eabi/4.6.2/../../../../arm-none-eabi/lib/armv7-m/libcr_c.a(fclose.o)
                0x00003958                fclose
 .text.fflush   0x000039c4       0x34 /usr/local/lpcxpresso_5.0.10_1022/lpcxpresso/tools/bin/../lib/gcc/arm-none-eabi/4.6.2/../../../../arm-none-eabi/lib/armv7-m/libcr_c.a(fflush.o)
                0x000039c4                fflush
 .text.fseek    0x000039f8      0x104 /usr/local/lpcxpresso_5.0.10_1022/lpcxpresso/tools/bin/../lib/gcc/arm-none-eabi/4.6.2/../../../../arm-none-eabi/lib/armv7-m/libcr_c.a(fseek.o)
                0x000039f8                fseek
 .text.ftell    0x00003afc       0x4c /usr/local/lpcxpresso_5.0.10_1022/lpcxpresso/tools/bin/../lib/gcc/arm-none-eabi/4.6.2/../../../../arm-none-eabi/lib/armv7-m/libcr_c.a(ftell.o)
                0x00003afc                ftell
 .text.remove   0x00003b48       0x14 /usr/local/lpcxpresso_5.0.10_1022/lpcxpresso/tools/bin/../lib/gcc/arm-none-eabi/4.6.2/../../../../arm-none-eabi/lib/armv7-m/libcr_c.a(remove.o)
                0x00003b48                remove
 .text._do_fflush
                0x00003b5c       0x42 /usr/local/lpcxpresso_5.0.10_1022/lpcxpresso/tools/bin/../lib/gcc/arm-none-eabi/4.6.2/../../../../arm-none-eabi/lib/armv7-m/libcr_c.a(_do_fflush.o)
                0x00003b5c                _do_fflush
 *fill*         0x00003b9e        0x2 00
 .text.__aeabi_dmul
                0x00003ba0      0x138 /usr/local/lpcxpresso_5.0.10_1022/lpcxpresso/tools/bin/../lib/gcc/arm-none-eabi/4.6.2/armv7-m/libcr_eabihelpers.a(double.o)
                0x00003ba0                __aeabi_dmul
 .text.__aeabi_ddiv
                0x00003cd8      0x168 /usr/local/lpcxpresso_5.0.10_1022/lpcxpresso/tools/bin/../lib/gcc/arm-none-eabi/4.6.2/armv7-m/libcr_eabihelpers.a(double.o)
                0x00003cd8                __aeabi_ddiv
 .text.__aeabi_dsub
                0x00003e40      0x1f4 /usr/local/lpcxpresso_5.0.10_1022/lpcxpresso/tools/bin/../lib/gcc/arm-none-eabi/4.6.2/armv7-m/libcr_eabihelpers.a(double.o)
                0x00003e40                __aeabi_dsub
 .text.__aeabi_dadd
                0x00004034      0x154 /usr/local/lpcxpresso_5.0.10_1022/lpcxpresso/tools/bin/../lib/gcc/arm-none-eabi/4.6.2/armv7-m/libcr_eabihelpers.a(double.o)
                0x00004034                __aeabi_dadd
 .text.__aeabi_d2uiz
                0x00004188       0x30 /usr/local/lpcxpresso_5.0.10_1022/lpcxpresso/tools/bin/../lib/gcc/arm-none-eabi/4.6.2/armv7-m/libcr_eabihelpers.a(double.o)
                0x00004188                __aeabi_d2uiz
 .text.__bhs_ui2d
                0x000041b8       0x5c /usr/local/lpcxpresso_5.0.10_1022/lpcxpresso/tools/bin/../lib/gcc/arm-none-eabi/4.6.2/armv7-m/libcr_eabihelpers.a(double.o)
                0x000041b8                __bhs_ui2d
 .text.__aeabi_ui2d
                0x00004214        0x8 /usr/local/lpcxpresso_5.0.10_1022/lpcxpresso/tools/bin/../lib/gcc/arm-none-eabi/4.6.2/armv7-m/libcr_eabihelpers.a(double.o)
                0x00004214                __aeabi_ui2d
 .text.__aeabi_dcmpeq
                0x0000421c       0x3c /usr/local/lpcxpresso_5.0.10_1022/lpcxpresso/tools/bin/../lib/gcc/arm-none-eabi/4.6.2/armv7-m/libcr_eabihelpers.a(double.o)
                0x0000421c                __aeabi_dcmpeq
 .text.__aeabi_dcmplt
                0x00004258       0x5c /usr/local/lpcxpresso_5.0.10_1022/lpcxpresso/tools/bin/../lib/gcc/arm-none-eabi/4.6.2/armv7-m/libcr_eabihelpers.a(double.o)
                0x00004258                __aeabi_dcmplt
 .text.__aeabi_dcmpgt
                0x000042b4       0x60 /usr/local/lpcxpresso_5.0.10_1022/lpcxpresso/tools/bin/../lib/gcc/arm-none-eabi/4.6.2/armv7-m/libcr_eabihelpers.a(double.o)
                0x000042b4                __aeabi_dcmpgt
 .text.__aeabi_dcmple
                0x00004314       0x58 /usr/local/lpcxpresso_5.0.10_1022/lpcxpresso/tools/bin/../lib/gcc/arm-none-eabi/4.6.2/armv7-m/libcr_eabihelpers.a(double.o)
                0x00004314                __aeabi_dcmple
 .text.__aeabi_dcmpge
                0x0000436c       0x5c /usr/local/lpcxpresso_5.0.10_1022/lpcxpresso/tools/bin/../lib/gcc/arm-none-eabi/4.6.2/armv7-m/libcr_eabihelpers.a(double.o)
                0x0000436c                __aeabi_dcmpge
 .text.__aeabi_memcpy
                0x000043c8       0x26 /usr/local/lpcxpresso_5.0.10_1022/lpcxpresso/tools/bin/../lib/gcc/arm-none-eabi/4.6.2/armv7-m/libcr_eabihelpers.a(memcpy.o)
                0x000043c8                __aeabi_memcpy
                0x000043c8                __aeabi_memcpy4
                0x000043c8                __aeabi_memcpy8
 .text.__aeabi_memset_lowlevel
                0x000043ee       0x24 /usr/local/lpcxpresso_5.0.10_1022/lpcxpresso/tools/bin/../lib/gcc/arm-none-eabi/4.6.2/armv7-m/libcr_eabihelpers.a(memcpy.o)
                0x000043ee                __aeabi_lowlevel_memset
 *fill*         0x00004412        0x2 00
 .text.__sys_appexit
                0x00004414        0xc /usr/local/lpcxpresso_5.0.10_1022/lpcxpresso/tools/bin/../lib/gcc/arm-none-eabi/4.6.2/../../../../arm-none-eabi/lib/armv7-m/libcr_semihost.a(__sys_appexit.o)
                0x00004414                __exit
                0x00004414                __sys_appexit
 .text.__sys_close
                0x00004420        0xc /usr/local/lpcxpresso_5.0.10_1022/lpcxpresso/tools/bin/../lib/gcc/arm-none-eabi/4.6.2/../../../../arm-none-eabi/lib/armv7-m/libcr_semihost.a(__sys_close.o)
                0x00004420                __sys_close
 .text.__sys_flen
                0x0000442c        0xc /usr/local/lpcxpresso_5.0.10_1022/lpcxpresso/tools/bin/../lib/gcc/arm-none-eabi/4.6.2/../../../../arm-none-eabi/lib/armv7-m/libcr_semihost.a(__sys_flen.o)
                0x0000442c                __sys_flen
 .text.__sys_istty
                0x00004438        0xc /usr/local/lpcxpresso_5.0.10_1022/lpcxpresso/tools/bin/../lib/gcc/arm-none-eabi/4.6.2/../../../../arm-none-eabi/lib/armv7-m/libcr_semihost.a(__sys_istty.o)
                0x00004438                __sys_istty
 .text.__sys_remove
                0x00004444        0xc /usr/local/lpcxpresso_5.0.10_1022/lpcxpresso/tools/bin/../lib/gcc/arm-none-eabi/4.6.2/../../../../arm-none-eabi/lib/armv7-m/libcr_semihost.a(__sys_remove.o)
                0x00004444                __sys_remove
 .text.__sys_seek
                0x00004450        0xc /usr/local/lpcxpresso_5.0.10_1022/lpcxpresso/tools/bin/../lib/gcc/arm-none-eabi/4.6.2/../../../../arm-none-eabi/lib/armv7-m/libcr_semihost.a(__sys_seek.o)
                0x00004450                __sys_seek
 .text.__sys_tmpnam
                0x0000445c        0xc /usr/local/lpcxpresso_5.0.10_1022/lpcxpresso/tools/bin/../lib/gcc/arm-none-eabi/4.6.2/../../../../arm-none-eabi/lib/armv7-m/libcr_semihost.a(__sys_tmpnam.o)
                0x0000445c                __sys_tmpnam
 .text.__sys_write
                0x00004468        0xc /usr/local/lpcxpresso_5.0.10_1022/lpcxpresso/tools/bin/../lib/gcc/arm-none-eabi/4.6.2/../../../../arm-none-eabi/lib/armv7-m/libcr_semihost.a(__sys_write.o)
                0x00004468                __write
                0x00004468                __sys_write
 .text._sbrk    0x00004474       0x40 /usr/local/lpcxpresso_5.0.10_1022/lpcxpresso/tools/bin/../lib/gcc/arm-none-eabi/4.6.2/../../../../arm-none-eabi/lib/armv7-m/libcr_semihost.a(_cr_sbrk.o)
                0x00004474                _sbrk
 .text.__check_heap_overflow
                0x000044b4       0x2c /usr/local/lpcxpresso_5.0.10_1022/lpcxpresso/tools/bin/../lib/gcc/arm-none-eabi/4.6.2/../../../../arm-none-eabi/lib/armv7-m/libcr_semihost.a(_cr_check_heap.o)
                0x000044b4                __check_heap_overflow
 *(.rodata .rodata.*)
 .rodata.welcome
                0x000044e0       0x28 ./src/main.o
                0x000044e0                welcome
 .rodata.TextForPeriodicTask1
                0x00004508       0x30 ./src/main.o
                0x00004508                TextForPeriodicTask1
 .rodata.TextForTask2
                0x00004538       0x20 ./src/main.o
                0x00004538                TextForTask2
 .rodata.TextForTask3
                0x00004558        0xc ./src/main.o
                0x00004558                TextForTask3
 .rodata        0x00004564       0x30 ./src/main.o
 .rodata        0x00004594       0x14 /home/pato/workspace/FreeRTOS_Library/Debug/libFreeRTOS_Library.a(tasks.o)
 .rodata.str1.4
                0x000045a8        0x8 /home/pato/workspace/FreeRTOS_Library/Debug/libFreeRTOS_Library.a(tasks.o)
 .rodata        0x000045b0       0x20 /home/pato/workspace/Lib_CMSIS2p0_and_Drivers_17XX/Debug/libLib_CMSIS2p0_and_Drivers_17XX.a(lpc17xx_rtc.o)
 .rodata        0x000045d0       0x24 /home/pato/workspace/Lib_CMSIS2p0_and_Drivers_17XX/Debug/libLib_CMSIS2p0_and_Drivers_17XX.a(lpc17xx_uart.o)
 .rodata.str1.1
                0x000045f4        0x4 /usr/local/lpcxpresso_5.0.10_1022/lpcxpresso/tools/bin/../lib/gcc/arm-none-eabi/4.6.2/../../../../arm-none-eabi/lib/armv7-m/libcr_c.a(initio.o)
 .rodata.__huge_val
                0x000045f8        0x8 /usr/local/lpcxpresso_5.0.10_1022/lpcxpresso/tools/bin/../lib/gcc/arm-none-eabi/4.6.2/../../../../arm-none-eabi/lib/armv7-m/libcr_c.a(_hugeval.o)
                0x000045f8                __huge_val
 .rodata.str1.1
                0x00004600       0x18 /usr/local/lpcxpresso_5.0.10_1022/lpcxpresso/tools/bin/../lib/gcc/arm-none-eabi/4.6.2/../../../../arm-none-eabi/lib/armv7-m/libcr_c.a(alloc.o)
                0x00004618                . = ALIGN (0x4)

.glue_7         0x00004618        0x0
 .glue_7        0x00000000        0x0 linker stubs

.glue_7t        0x00004618        0x0
 .glue_7t       0x00000000        0x0 linker stubs

.vfp11_veneer   0x00004618        0x0
 .vfp11_veneer  0x00000000        0x0 linker stubs

.v4_bx          0x00004618        0x0
 .v4_bx         0x00000000        0x0 linker stubs

.ARM.extab
 *(.ARM.extab* .gnu.linkonce.armextab.*)
                0x00004618                __exidx_start = .

.ARM.exidx
 *(.ARM.exidx* .gnu.linkonce.armexidx.*)
                0x00004618                __exidx_end = .
                0x00004618                _etext = .

.data_RAM2      0x2007c000        0x0 load address 0x00004618
 FILL mask 0xff
 *(.data.$RAM2*)
 *(.data.$RamAHB32*)
                0x2007c000                . = ALIGN (0x4)

.uninit_RESERVED
                0x10000000        0x0
 *(.bss.$RESERVED*)
                0x10000000                . = ALIGN (0x4)
                0x10000000                _end_uninit_RESERVED = .

.data           0x10000000       0x18 load address 0x00004618
 FILL mask 0xff
                0x10000000                _data = .
 *(vtable)
 *(.data*)
 .data.datoString
                0x10000000        0xc ./src/main.o
                0x10000000                datoString
 .data          0x1000000c        0x4 /home/pato/workspace/FreeRTOS_Library/Debug/libFreeRTOS_Library.a(port.o)
 .data          0x10000010        0x4 /home/pato/workspace/FreeRTOS_Library/Debug/libFreeRTOS_Library.a(heap_2.o)
 .data.SystemCoreClock
                0x10000014        0x4 /home/pato/workspace/Lib_CMSIS2p0_and_Drivers_17XX/Debug/libLib_CMSIS2p0_and_Drivers_17XX.a(system_LPC17xx.o)
                0x10000014                SystemCoreClock
                0x10000018                . = ALIGN (0x4)
                0x10000018                _edata = .

.bss_RAM2       0x2007c000        0x0
 *(.bss.$RAM2*)
 *(.bss.$RamAHB32*)
                0x2007c000                . = ALIGN (0x4)

.bss            0x10000018     0x2a98
                0x10000018                _bss = .
 *(.bss*)
 .bss.localTime
                0x10000018       0x20 ./src/main.o
 .bss           0x10000038      0x100 /home/pato/workspace/FreeRTOS_Library/Debug/libFreeRTOS_Library.a(tasks.o)
                0x1000003c                pxCurrentTCB
 .bss           0x10000138     0x2818 /home/pato/workspace/FreeRTOS_Library/Debug/libFreeRTOS_Library.a(heap_2.o)
 .bss.errno     0x10002950        0x4 /usr/local/lpcxpresso_5.0.10_1022/lpcxpresso/tools/bin/../lib/gcc/arm-none-eabi/4.6.2/../../../../arm-none-eabi/lib/armv7-m/libcr_c.a(errno.o)
                0x10002950                errno
 *(COMMON)
 COMMON         0x10002954        0xd ./src/main.o
                0x10002954                xCountingSemaphore
                0x10002958                xMutex
                0x1000295c                xQueue
                0x10002960                RxBuffer
 *fill*         0x10002961        0x3 00
 COMMON         0x10002964        0x4 /usr/local/lpcxpresso_5.0.10_1022/lpcxpresso/tools/bin/../lib/gcc/arm-none-eabi/4.6.2/../../../../arm-none-eabi/lib/armv7-m/libcr_c.a(initio.o)
                0x10002964                _extra
 COMMON         0x10002968      0x140 /usr/local/lpcxpresso_5.0.10_1022/lpcxpresso/tools/bin/../lib/gcc/arm-none-eabi/4.6.2/../../../../arm-none-eabi/lib/armv7-m/libcr_c.a(stdio.o)
                0x10002968                __Ciob
 COMMON         0x10002aa8        0x8 /usr/local/lpcxpresso_5.0.10_1022/lpcxpresso/tools/bin/../lib/gcc/arm-none-eabi/4.6.2/../../../../arm-none-eabi/lib/armv7-m/libcr_c.a(__init_alloc.o)
                0x10002aa8                __heaps
                0x10002aac                __end_of_heap
                0x10002ab0                . = ALIGN (0x4)
                0x10002ab0                _ebss = .
                0x10002ab0                PROVIDE (end, .)
                0x10002ab0                PROVIDE (_pvHeapStart, .)
                0x10008000                PROVIDE (_vStackTop, (__top_RamLoc32 - 0x0))
OUTPUT(tp_freeRTOS.axf elf32-littlearm)

.debug_info     0x00000000     0x618b
 .debug_info    0x00000000      0x204 ./src/cr_startup_lpc176x.o
 .debug_info    0x00000204     0x144c ./src/main.o
 .debug_info    0x00001650      0x220 /home/pato/workspace/FreeRTOS_Library/Debug/libFreeRTOS_Library.a(port.o)
 .debug_info    0x00001870      0x814 /home/pato/workspace/FreeRTOS_Library/Debug/libFreeRTOS_Library.a(queue.o)
 .debug_info    0x00002084      0xe7c /home/pato/workspace/FreeRTOS_Library/Debug/libFreeRTOS_Library.a(tasks.o)
 .debug_info    0x00002f00      0x2ef /home/pato/workspace/FreeRTOS_Library/Debug/libFreeRTOS_Library.a(heap_2.o)
 .debug_info    0x000031ef      0x2c5 /home/pato/workspace/FreeRTOS_Library/Debug/libFreeRTOS_Library.a(list.o)
 .debug_info    0x000034b4      0x4b9 /home/pato/workspace/Lib_CMSIS2p0_and_Drivers_17XX/Debug/libLib_CMSIS2p0_and_Drivers_17XX.a(lpc17xx_pinsel.o)
 .debug_info    0x0000396d      0xa1e /home/pato/workspace/Lib_CMSIS2p0_and_Drivers_17XX/Debug/libLib_CMSIS2p0_and_Drivers_17XX.a(lpc17xx_rtc.o)
 .debug_info    0x0000438b     0x1151 /home/pato/workspace/Lib_CMSIS2p0_and_Drivers_17XX/Debug/libLib_CMSIS2p0_and_Drivers_17XX.a(lpc17xx_uart.o)
 .debug_info    0x000054dc      0x515 /home/pato/workspace/Lib_CMSIS2p0_and_Drivers_17XX/Debug/libLib_CMSIS2p0_and_Drivers_17XX.a(system_LPC17xx.o)
 .debug_info    0x000059f1      0x6cd /home/pato/workspace/Lib_CMSIS2p0_and_Drivers_17XX/Debug/libLib_CMSIS2p0_and_Drivers_17XX.a(lpc17xx_clkpwr.o)
 .debug_info    0x000060be       0xcd /home/pato/workspace/Lib_CMSIS2p0_and_Drivers_17XX/Debug/libLib_CMSIS2p0_and_Drivers_17XX.a(lpc17xx_libcfg_default.o)

.debug_abbrev   0x00000000     0x1285
 .debug_abbrev  0x00000000       0xc1 ./src/cr_startup_lpc176x.o
 .debug_abbrev  0x000000c1      0x246 ./src/main.o
 .debug_abbrev  0x00000307      0x141 /home/pato/workspace/FreeRTOS_Library/Debug/libFreeRTOS_Library.a(port.o)
 .debug_abbrev  0x00000448      0x1b3 /home/pato/workspace/FreeRTOS_Library/Debug/libFreeRTOS_Library.a(queue.o)
 .debug_abbrev  0x000005fb      0x2b1 /home/pato/workspace/FreeRTOS_Library/Debug/libFreeRTOS_Library.a(tasks.o)
 .debug_abbrev  0x000008ac      0x19e /home/pato/workspace/FreeRTOS_Library/Debug/libFreeRTOS_Library.a(heap_2.o)
 .debug_abbrev  0x00000a4a       0xda /home/pato/workspace/FreeRTOS_Library/Debug/libFreeRTOS_Library.a(list.o)
 .debug_abbrev  0x00000b24      0x11f /home/pato/workspace/Lib_CMSIS2p0_and_Drivers_17XX/Debug/libLib_CMSIS2p0_and_Drivers_17XX.a(lpc17xx_pinsel.o)
 .debug_abbrev  0x00000c43      0x16b /home/pato/workspace/Lib_CMSIS2p0_and_Drivers_17XX/Debug/libLib_CMSIS2p0_and_Drivers_17XX.a(lpc17xx_rtc.o)
 .debug_abbrev  0x00000dae      0x1d0 /home/pato/workspace/Lib_CMSIS2p0_and_Drivers_17XX/Debug/libLib_CMSIS2p0_and_Drivers_17XX.a(lpc17xx_uart.o)
 .debug_abbrev  0x00000f7e      0x106 /home/pato/workspace/Lib_CMSIS2p0_and_Drivers_17XX/Debug/libLib_CMSIS2p0_and_Drivers_17XX.a(system_LPC17xx.o)
 .debug_abbrev  0x00001084      0x197 /home/pato/workspace/Lib_CMSIS2p0_and_Drivers_17XX/Debug/libLib_CMSIS2p0_and_Drivers_17XX.a(lpc17xx_clkpwr.o)
 .debug_abbrev  0x0000121b       0x6a /home/pato/workspace/Lib_CMSIS2p0_and_Drivers_17XX/Debug/libLib_CMSIS2p0_and_Drivers_17XX.a(lpc17xx_libcfg_default.o)

.debug_loc      0x00000000     0x2564
 .debug_loc     0x00000000       0x33 ./src/cr_startup_lpc176x.o
 .debug_loc     0x00000033      0x30c ./src/main.o
 .debug_loc     0x0000033f       0x94 /home/pato/workspace/FreeRTOS_Library/Debug/libFreeRTOS_Library.a(port.o)
 .debug_loc     0x000003d3      0x68c /home/pato/workspace/FreeRTOS_Library/Debug/libFreeRTOS_Library.a(queue.o)
 .debug_loc     0x00000a5f      0xa90 /home/pato/workspace/FreeRTOS_Library/Debug/libFreeRTOS_Library.a(tasks.o)
 .debug_loc     0x000014ef      0x201 /home/pato/workspace/FreeRTOS_Library/Debug/libFreeRTOS_Library.a(heap_2.o)
 .debug_loc     0x000016f0       0x4a /home/pato/workspace/FreeRTOS_Library/Debug/libFreeRTOS_Library.a(list.o)
 .debug_loc     0x0000173a      0x150 /home/pato/workspace/Lib_CMSIS2p0_and_Drivers_17XX/Debug/libLib_CMSIS2p0_and_Drivers_17XX.a(lpc17xx_pinsel.o)
 .debug_loc     0x0000188a      0x460 /home/pato/workspace/Lib_CMSIS2p0_and_Drivers_17XX/Debug/libLib_CMSIS2p0_and_Drivers_17XX.a(lpc17xx_rtc.o)
 .debug_loc     0x00001cea      0x65a /home/pato/workspace/Lib_CMSIS2p0_and_Drivers_17XX/Debug/libLib_CMSIS2p0_and_Drivers_17XX.a(lpc17xx_uart.o)
 .debug_loc     0x00002344       0x58 /home/pato/workspace/Lib_CMSIS2p0_and_Drivers_17XX/Debug/libLib_CMSIS2p0_and_Drivers_17XX.a(system_LPC17xx.o)
 .debug_loc     0x0000239c      0x190 /home/pato/workspace/Lib_CMSIS2p0_and_Drivers_17XX/Debug/libLib_CMSIS2p0_and_Drivers_17XX.a(lpc17xx_clkpwr.o)
 .debug_loc     0x0000252c       0x38 /home/pato/workspace/Lib_CMSIS2p0_and_Drivers_17XX/Debug/libLib_CMSIS2p0_and_Drivers_17XX.a(lpc17xx_libcfg_default.o)

.debug_aranges  0x00000000      0x440
 .debug_aranges
                0x00000000       0x70 ./src/cr_startup_lpc176x.o
 .debug_aranges
                0x00000070       0x90 ./src/main.o
 .debug_aranges
                0x00000100       0x20 /home/pato/workspace/FreeRTOS_Library/Debug/libFreeRTOS_Library.a(port.o)
 .debug_aranges
                0x00000120       0x20 /home/pato/workspace/FreeRTOS_Library/Debug/libFreeRTOS_Library.a(queue.o)
 .debug_aranges
                0x00000140       0x20 /home/pato/workspace/FreeRTOS_Library/Debug/libFreeRTOS_Library.a(tasks.o)
 .debug_aranges
                0x00000160       0x20 /home/pato/workspace/FreeRTOS_Library/Debug/libFreeRTOS_Library.a(heap_2.o)
 .debug_aranges
                0x00000180       0x20 /home/pato/workspace/FreeRTOS_Library/Debug/libFreeRTOS_Library.a(list.o)
 .debug_aranges
                0x000001a0       0x48 /home/pato/workspace/Lib_CMSIS2p0_and_Drivers_17XX/Debug/libLib_CMSIS2p0_and_Drivers_17XX.a(lpc17xx_pinsel.o)
 .debug_aranges
                0x000001e8       0xb8 /home/pato/workspace/Lib_CMSIS2p0_and_Drivers_17XX/Debug/libLib_CMSIS2p0_and_Drivers_17XX.a(lpc17xx_rtc.o)
 .debug_aranges
                0x000002a0      0x100 /home/pato/workspace/Lib_CMSIS2p0_and_Drivers_17XX/Debug/libLib_CMSIS2p0_and_Drivers_17XX.a(lpc17xx_uart.o)
 .debug_aranges
                0x000003a0       0x28 /home/pato/workspace/Lib_CMSIS2p0_and_Drivers_17XX/Debug/libLib_CMSIS2p0_and_Drivers_17XX.a(system_LPC17xx.o)
 .debug_aranges
                0x000003c8       0x58 /home/pato/workspace/Lib_CMSIS2p0_and_Drivers_17XX/Debug/libLib_CMSIS2p0_and_Drivers_17XX.a(lpc17xx_clkpwr.o)
 .debug_aranges
                0x00000420       0x20 /home/pato/workspace/Lib_CMSIS2p0_and_Drivers_17XX/Debug/libLib_CMSIS2p0_and_Drivers_17XX.a(lpc17xx_libcfg_default.o)

.debug_ranges   0x00000000      0x398
 .debug_ranges  0x00000000       0x60 ./src/cr_startup_lpc176x.o
 .debug_ranges  0x00000060       0x80 ./src/main.o
 .debug_ranges  0x000000e0       0x78 /home/pato/workspace/FreeRTOS_Library/Debug/libFreeRTOS_Library.a(tasks.o)
 .debug_ranges  0x00000158       0x38 /home/pato/workspace/Lib_CMSIS2p0_and_Drivers_17XX/Debug/libLib_CMSIS2p0_and_Drivers_17XX.a(lpc17xx_pinsel.o)
 .debug_ranges  0x00000190       0xa8 /home/pato/workspace/Lib_CMSIS2p0_and_Drivers_17XX/Debug/libLib_CMSIS2p0_and_Drivers_17XX.a(lpc17xx_rtc.o)
 .debug_ranges  0x00000238       0xf0 /home/pato/workspace/Lib_CMSIS2p0_and_Drivers_17XX/Debug/libLib_CMSIS2p0_and_Drivers_17XX.a(lpc17xx_uart.o)
 .debug_ranges  0x00000328       0x18 /home/pato/workspace/Lib_CMSIS2p0_and_Drivers_17XX/Debug/libLib_CMSIS2p0_and_Drivers_17XX.a(system_LPC17xx.o)
 .debug_ranges  0x00000340       0x48 /home/pato/workspace/Lib_CMSIS2p0_and_Drivers_17XX/Debug/libLib_CMSIS2p0_and_Drivers_17XX.a(lpc17xx_clkpwr.o)
 .debug_ranges  0x00000388       0x10 /home/pato/workspace/Lib_CMSIS2p0_and_Drivers_17XX/Debug/libLib_CMSIS2p0_and_Drivers_17XX.a(lpc17xx_libcfg_default.o)

.debug_line     0x00000000     0x559a
 .debug_line    0x00000000      0x44b ./src/cr_startup_lpc176x.o
 .debug_line    0x0000044b      0x897 ./src/main.o
 .debug_line    0x00000ce2      0x540 /home/pato/workspace/FreeRTOS_Library/Debug/libFreeRTOS_Library.a(port.o)
 .debug_line    0x00001222      0x654 /home/pato/workspace/FreeRTOS_Library/Debug/libFreeRTOS_Library.a(queue.o)
 .debug_line    0x00001876      0x85c /home/pato/workspace/FreeRTOS_Library/Debug/libFreeRTOS_Library.a(tasks.o)
 .debug_line    0x000020d2      0x57a /home/pato/workspace/FreeRTOS_Library/Debug/libFreeRTOS_Library.a(heap_2.o)
 .debug_line    0x0000264c      0x540 /home/pato/workspace/FreeRTOS_Library/Debug/libFreeRTOS_Library.a(list.o)
 .debug_line    0x00002b8c      0x59c /home/pato/workspace/Lib_CMSIS2p0_and_Drivers_17XX/Debug/libLib_CMSIS2p0_and_Drivers_17XX.a(lpc17xx_pinsel.o)
 .debug_line    0x00003128      0x9c5 /home/pato/workspace/Lib_CMSIS2p0_and_Drivers_17XX/Debug/libLib_CMSIS2p0_and_Drivers_17XX.a(lpc17xx_rtc.o)
 .debug_line    0x00003aed      0xc30 /home/pato/workspace/Lib_CMSIS2p0_and_Drivers_17XX/Debug/libLib_CMSIS2p0_and_Drivers_17XX.a(lpc17xx_uart.o)
 .debug_line    0x0000471d      0x497 /home/pato/workspace/Lib_CMSIS2p0_and_Drivers_17XX/Debug/libLib_CMSIS2p0_and_Drivers_17XX.a(system_LPC17xx.o)
 .debug_line    0x00004bb4      0x604 /home/pato/workspace/Lib_CMSIS2p0_and_Drivers_17XX/Debug/libLib_CMSIS2p0_and_Drivers_17XX.a(lpc17xx_clkpwr.o)
 .debug_line    0x000051b8      0x3e2 /home/pato/workspace/Lib_CMSIS2p0_and_Drivers_17XX/Debug/libLib_CMSIS2p0_and_Drivers_17XX.a(lpc17xx_libcfg_default.o)

.debug_macinfo  0x00000000    0x7745d
 .debug_macinfo
                0x00000000     0x3d45 ./src/cr_startup_lpc176x.o
 .debug_macinfo
                0x00003d45     0xda12 ./src/main.o
 .debug_macinfo
                0x00011757     0x9de1 /home/pato/workspace/FreeRTOS_Library/Debug/libFreeRTOS_Library.a(port.o)
 .debug_macinfo
                0x0001b538     0xa4c3 /home/pato/workspace/FreeRTOS_Library/Debug/libFreeRTOS_Library.a(queue.o)
 .debug_macinfo
                0x000259fb     0xa761 /home/pato/workspace/FreeRTOS_Library/Debug/libFreeRTOS_Library.a(tasks.o)
 .debug_macinfo
                0x0003015c     0x9f77 /home/pato/workspace/FreeRTOS_Library/Debug/libFreeRTOS_Library.a(heap_2.o)
 .debug_macinfo
                0x0003a0d3     0x98ca /home/pato/workspace/FreeRTOS_Library/Debug/libFreeRTOS_Library.a(list.o)
 .debug_macinfo
                0x0004399d     0x897b /home/pato/workspace/Lib_CMSIS2p0_and_Drivers_17XX/Debug/libLib_CMSIS2p0_and_Drivers_17XX.a(lpc17xx_pinsel.o)
 .debug_macinfo
                0x0004c318     0xa1f8 /home/pato/workspace/Lib_CMSIS2p0_and_Drivers_17XX/Debug/libLib_CMSIS2p0_and_Drivers_17XX.a(lpc17xx_rtc.o)
 .debug_macinfo
                0x00056510     0xb1f5 /home/pato/workspace/Lib_CMSIS2p0_and_Drivers_17XX/Debug/libLib_CMSIS2p0_and_Drivers_17XX.a(lpc17xx_uart.o)
 .debug_macinfo
                0x00061705     0x859f /home/pato/workspace/Lib_CMSIS2p0_and_Drivers_17XX/Debug/libLib_CMSIS2p0_and_Drivers_17XX.a(system_LPC17xx.o)
 .debug_macinfo
                0x00069ca4     0x97a0 /home/pato/workspace/Lib_CMSIS2p0_and_Drivers_17XX/Debug/libLib_CMSIS2p0_and_Drivers_17XX.a(lpc17xx_clkpwr.o)
 .debug_macinfo
                0x00073444     0x4019 /home/pato/workspace/Lib_CMSIS2p0_and_Drivers_17XX/Debug/libLib_CMSIS2p0_and_Drivers_17XX.a(lpc17xx_libcfg_default.o)

.debug_str      0x00000000     0x2775
 .debug_str     0x00000000      0x1c1 ./src/cr_startup_lpc176x.o
                                0x1f5 (size before relaxing)
 .debug_str     0x000001c1      0xb39 ./src/main.o
                                0xc88 (size before relaxing)
 .debug_str     0x00000cfa      0x190 /home/pato/workspace/FreeRTOS_Library/Debug/libFreeRTOS_Library.a(port.o)
                                0x28b (size before relaxing)
 .debug_str     0x00000e8a      0x3ca /home/pato/workspace/FreeRTOS_Library/Debug/libFreeRTOS_Library.a(queue.o)
                                0x546 (size before relaxing)
 .debug_str     0x00001254      0x616 /home/pato/workspace/FreeRTOS_Library/Debug/libFreeRTOS_Library.a(tasks.o)
                                0x8df (size before relaxing)
 .debug_str     0x0000186a      0x150 /home/pato/workspace/FreeRTOS_Library/Debug/libFreeRTOS_Library.a(heap_2.o)
                                0x2b2 (size before relaxing)
 .debug_str     0x000019ba       0x92 /home/pato/workspace/FreeRTOS_Library/Debug/libFreeRTOS_Library.a(list.o)
                                0x279 (size before relaxing)
 .debug_str     0x00001a4c      0x184 /home/pato/workspace/Lib_CMSIS2p0_and_Drivers_17XX/Debug/libLib_CMSIS2p0_and_Drivers_17XX.a(lpc17xx_pinsel.o)
                                0x3d6 (size before relaxing)
 .debug_str     0x00001bd0      0x204 /home/pato/workspace/Lib_CMSIS2p0_and_Drivers_17XX/Debug/libLib_CMSIS2p0_and_Drivers_17XX.a(lpc17xx_rtc.o)
                                0x5ec (size before relaxing)
 .debug_str     0x00001dd4      0x7d3 /home/pato/workspace/Lib_CMSIS2p0_and_Drivers_17XX/Debug/libLib_CMSIS2p0_and_Drivers_17XX.a(lpc17xx_uart.o)
                                0xbaf (size before relaxing)
 .debug_str     0x000025a7       0xb6 /home/pato/workspace/Lib_CMSIS2p0_and_Drivers_17XX/Debug/libLib_CMSIS2p0_and_Drivers_17XX.a(system_LPC17xx.o)
                                0x352 (size before relaxing)
 .debug_str     0x0000265d       0xd6 /home/pato/workspace/Lib_CMSIS2p0_and_Drivers_17XX/Debug/libLib_CMSIS2p0_and_Drivers_17XX.a(lpc17xx_clkpwr.o)
                                0x3fd (size before relaxing)
 .debug_str     0x00002733       0x42 /home/pato/workspace/Lib_CMSIS2p0_and_Drivers_17XX/Debug/libLib_CMSIS2p0_and_Drivers_17XX.a(lpc17xx_libcfg_default.o)
                                0x184 (size before relaxing)

.comment        0x00000000       0x70
 .comment       0x00000000       0x70 ./src/cr_startup_lpc176x.o
                                 0x71 (size before relaxing)
 .comment       0x00000000       0x71 ./src/main.o
 .comment       0x00000000       0x71 /home/pato/workspace/FreeRTOS_Library/Debug/libFreeRTOS_Library.a(port.o)
 .comment       0x00000000       0x71 /home/pato/workspace/FreeRTOS_Library/Debug/libFreeRTOS_Library.a(queue.o)
 .comment       0x00000000       0x71 /home/pato/workspace/FreeRTOS_Library/Debug/libFreeRTOS_Library.a(tasks.o)
 .comment       0x00000000       0x71 /home/pato/workspace/FreeRTOS_Library/Debug/libFreeRTOS_Library.a(heap_2.o)
 .comment       0x00000000       0x71 /home/pato/workspace/FreeRTOS_Library/Debug/libFreeRTOS_Library.a(list.o)
 .comment       0x00000000       0x71 /home/pato/workspace/Lib_CMSIS2p0_and_Drivers_17XX/Debug/libLib_CMSIS2p0_and_Drivers_17XX.a(lpc17xx_pinsel.o)
 .comment       0x00000000       0x71 /home/pato/workspace/Lib_CMSIS2p0_and_Drivers_17XX/Debug/libLib_CMSIS2p0_and_Drivers_17XX.a(lpc17xx_rtc.o)
 .comment       0x00000000       0x71 /home/pato/workspace/Lib_CMSIS2p0_and_Drivers_17XX/Debug/libLib_CMSIS2p0_and_Drivers_17XX.a(lpc17xx_uart.o)
 .comment       0x00000000       0x71 /home/pato/workspace/Lib_CMSIS2p0_and_Drivers_17XX/Debug/libLib_CMSIS2p0_and_Drivers_17XX.a(system_LPC17xx.o)
 .comment       0x00000000       0x71 /home/pato/workspace/Lib_CMSIS2p0_and_Drivers_17XX/Debug/libLib_CMSIS2p0_and_Drivers_17XX.a(lpc17xx_clkpwr.o)
 .comment       0x00000000       0x71 /home/pato/workspace/Lib_CMSIS2p0_and_Drivers_17XX/Debug/libLib_CMSIS2p0_and_Drivers_17XX.a(lpc17xx_libcfg_default.o)
 .comment       0x00000000       0x71 /usr/local/lpcxpresso_5.0.10_1022/lpcxpresso/tools/bin/../lib/gcc/arm-none-eabi/4.6.2/../../../../arm-none-eabi/lib/armv7-m/libcr_semihost.a(_cr__main.o)
 .comment       0x00000000       0x71 /usr/local/lpcxpresso_5.0.10_1022/lpcxpresso/tools/bin/../lib/gcc/arm-none-eabi/4.6.2/../../../../arm-none-eabi/lib/armv7-m/libcr_c.a(memcpy.o)
 .comment       0x00000000       0x71 /usr/local/lpcxpresso_5.0.10_1022/lpcxpresso/tools/bin/../lib/gcc/arm-none-eabi/4.6.2/../../../../arm-none-eabi/lib/armv7-m/libcr_c.a(memset.o)
 .comment       0x00000000       0x71 /usr/local/lpcxpresso_5.0.10_1022/lpcxpresso/tools/bin/../lib/gcc/arm-none-eabi/4.6.2/../../../../arm-none-eabi/lib/armv7-m/libcr_c.a(floor.o)
 .comment       0x00000000       0x71 /usr/local/lpcxpresso_5.0.10_1022/lpcxpresso/tools/bin/../lib/gcc/arm-none-eabi/4.6.2/../../../../arm-none-eabi/lib/armv7-m/libcr_c.a(fmod.o)
 .comment       0x00000000       0x71 /usr/local/lpcxpresso_5.0.10_1022/lpcxpresso/tools/bin/../lib/gcc/arm-none-eabi/4.6.2/../../../../arm-none-eabi/lib/armv7-m/libcr_c.a(initio.o)
 .comment       0x00000000       0x71 /usr/local/lpcxpresso_5.0.10_1022/lpcxpresso/tools/bin/../lib/gcc/arm-none-eabi/4.6.2/../../../../arm-none-eabi/lib/armv7-m/libcr_c.a(memcmp.o)
 .comment       0x00000000       0x71 /usr/local/lpcxpresso_5.0.10_1022/lpcxpresso/tools/bin/../lib/gcc/arm-none-eabi/4.6.2/../../../../arm-none-eabi/lib/armv7-m/libcr_c.a(modf.o)
 .comment       0x00000000       0x71 /usr/local/lpcxpresso_5.0.10_1022/lpcxpresso/tools/bin/../lib/gcc/arm-none-eabi/4.6.2/../../../../arm-none-eabi/lib/armv7-m/libcr_c.a(setvbuf.o)
 .comment       0x00000000       0x71 /usr/local/lpcxpresso_5.0.10_1022/lpcxpresso/tools/bin/../lib/gcc/arm-none-eabi/4.6.2/../../../../arm-none-eabi/lib/armv7-m/libcr_c.a(stdio.o)
 .comment       0x00000000       0x71 /usr/local/lpcxpresso_5.0.10_1022/lpcxpresso/tools/bin/../lib/gcc/arm-none-eabi/4.6.2/../../../../arm-none-eabi/lib/armv7-m/libcr_c.a(strlen.o)
 .comment       0x00000000       0x71 /usr/local/lpcxpresso_5.0.10_1022/lpcxpresso/tools/bin/../lib/gcc/arm-none-eabi/4.6.2/../../../../arm-none-eabi/lib/armv7-m/libcr_c.a(strncpy.o)
 .comment       0x00000000       0x71 /usr/local/lpcxpresso_5.0.10_1022/lpcxpresso/tools/bin/../lib/gcc/arm-none-eabi/4.6.2/../../../../arm-none-eabi/lib/armv7-m/libcr_c.a(__fillbuf.o)
 .comment       0x00000000       0x71 /usr/local/lpcxpresso_5.0.10_1022/lpcxpresso/tools/bin/../lib/gcc/arm-none-eabi/4.6.2/../../../../arm-none-eabi/lib/armv7-m/libcr_c.a(_deferredlazyseek.o)
 .comment       0x00000000       0x71 /usr/local/lpcxpresso_5.0.10_1022/lpcxpresso/tools/bin/../lib/gcc/arm-none-eabi/4.6.2/../../../../arm-none-eabi/lib/armv7-m/libcr_c.a(_fdopen.o)
 .comment       0x00000000       0x71 /usr/local/lpcxpresso_5.0.10_1022/lpcxpresso/tools/bin/../lib/gcc/arm-none-eabi/4.6.2/../../../../arm-none-eabi/lib/armv7-m/libcr_c.a(_fflush.o)
 .comment       0x00000000       0x71 /usr/local/lpcxpresso_5.0.10_1022/lpcxpresso/tools/bin/../lib/gcc/arm-none-eabi/4.6.2/../../../../arm-none-eabi/lib/armv7-m/libcr_c.a(_hugeval.o)
 .comment       0x00000000       0x71 /usr/local/lpcxpresso_5.0.10_1022/lpcxpresso/tools/bin/../lib/gcc/arm-none-eabi/4.6.2/../../../../arm-none-eabi/lib/armv7-m/libcr_c.a(_writebuf.o)
 .comment       0x00000000       0x71 /usr/local/lpcxpresso_5.0.10_1022/lpcxpresso/tools/bin/../lib/gcc/arm-none-eabi/4.6.2/../../../../arm-none-eabi/lib/armv7-m/libcr_c.a(alloc.o)
 .comment       0x00000000       0x71 /usr/local/lpcxpresso_5.0.10_1022/lpcxpresso/tools/bin/../lib/gcc/arm-none-eabi/4.6.2/../../../../arm-none-eabi/lib/armv7-m/libcr_c.a(errno.o)
 .comment       0x00000000       0x71 /usr/local/lpcxpresso_5.0.10_1022/lpcxpresso/tools/bin/../lib/gcc/arm-none-eabi/4.6.2/../../../../arm-none-eabi/lib/armv7-m/libcr_c.a(fclose.o)
 .comment       0x00000000       0x71 /usr/local/lpcxpresso_5.0.10_1022/lpcxpresso/tools/bin/../lib/gcc/arm-none-eabi/4.6.2/../../../../arm-none-eabi/lib/armv7-m/libcr_c.a(fflush.o)
 .comment       0x00000000       0x71 /usr/local/lpcxpresso_5.0.10_1022/lpcxpresso/tools/bin/../lib/gcc/arm-none-eabi/4.6.2/../../../../arm-none-eabi/lib/armv7-m/libcr_c.a(fseek.o)
 .comment       0x00000000       0x71 /usr/local/lpcxpresso_5.0.10_1022/lpcxpresso/tools/bin/../lib/gcc/arm-none-eabi/4.6.2/../../../../arm-none-eabi/lib/armv7-m/libcr_c.a(ftell.o)
 .comment       0x00000000       0x71 /usr/local/lpcxpresso_5.0.10_1022/lpcxpresso/tools/bin/../lib/gcc/arm-none-eabi/4.6.2/../../../../arm-none-eabi/lib/armv7-m/libcr_c.a(remove.o)
 .comment       0x00000000       0x71 /usr/local/lpcxpresso_5.0.10_1022/lpcxpresso/tools/bin/../lib/gcc/arm-none-eabi/4.6.2/../../../../arm-none-eabi/lib/armv7-m/libcr_c.a(__init_alloc.o)
 .comment       0x00000000       0x71 /usr/local/lpcxpresso_5.0.10_1022/lpcxpresso/tools/bin/../lib/gcc/arm-none-eabi/4.6.2/../../../../arm-none-eabi/lib/armv7-m/libcr_c.a(_do_fflush.o)
 .comment       0x00000000       0x71 /usr/local/lpcxpresso_5.0.10_1022/lpcxpresso/tools/bin/../lib/gcc/arm-none-eabi/4.6.2/armv7-m/libcr_eabihelpers.a(double.o)
 .comment       0x00000000       0x71 /usr/local/lpcxpresso_5.0.10_1022/lpcxpresso/tools/bin/../lib/gcc/arm-none-eabi/4.6.2/../../../../arm-none-eabi/lib/armv7-m/libcr_semihost.a(_cr_sbrk.o)
 .comment       0x00000000       0x71 /usr/local/lpcxpresso_5.0.10_1022/lpcxpresso/tools/bin/../lib/gcc/arm-none-eabi/4.6.2/../../../../arm-none-eabi/lib/armv7-m/libcr_semihost.a(_cr_check_heap.o)

.ARM.attributes
                0x00000000       0x31
 .ARM.attributes
                0x00000000       0x33 ./src/cr_startup_lpc176x.o
 .ARM.attributes
                0x00000033       0x33 ./src/main.o
 .ARM.attributes
                0x00000066       0x33 /home/pato/workspace/FreeRTOS_Library/Debug/libFreeRTOS_Library.a(port.o)
 .ARM.attributes
                0x00000099       0x33 /home/pato/workspace/FreeRTOS_Library/Debug/libFreeRTOS_Library.a(queue.o)
 .ARM.attributes
                0x000000cc       0x33 /home/pato/workspace/FreeRTOS_Library/Debug/libFreeRTOS_Library.a(tasks.o)
 .ARM.attributes
                0x000000ff       0x33 /home/pato/workspace/FreeRTOS_Library/Debug/libFreeRTOS_Library.a(heap_2.o)
 .ARM.attributes
                0x00000132       0x33 /home/pato/workspace/FreeRTOS_Library/Debug/libFreeRTOS_Library.a(list.o)
 .ARM.attributes
                0x00000165       0x33 /home/pato/workspace/Lib_CMSIS2p0_and_Drivers_17XX/Debug/libLib_CMSIS2p0_and_Drivers_17XX.a(lpc17xx_pinsel.o)
 .ARM.attributes
                0x00000198       0x33 /home/pato/workspace/Lib_CMSIS2p0_and_Drivers_17XX/Debug/libLib_CMSIS2p0_and_Drivers_17XX.a(lpc17xx_rtc.o)
 .ARM.attributes
                0x000001cb       0x33 /home/pato/workspace/Lib_CMSIS2p0_and_Drivers_17XX/Debug/libLib_CMSIS2p0_and_Drivers_17XX.a(lpc17xx_uart.o)
 .ARM.attributes
                0x000001fe       0x33 /home/pato/workspace/Lib_CMSIS2p0_and_Drivers_17XX/Debug/libLib_CMSIS2p0_and_Drivers_17XX.a(system_LPC17xx.o)
 .ARM.attributes
                0x00000231       0x33 /home/pato/workspace/Lib_CMSIS2p0_and_Drivers_17XX/Debug/libLib_CMSIS2p0_and_Drivers_17XX.a(lpc17xx_clkpwr.o)
 .ARM.attributes
                0x00000264       0x33 /home/pato/workspace/Lib_CMSIS2p0_and_Drivers_17XX/Debug/libLib_CMSIS2p0_and_Drivers_17XX.a(lpc17xx_libcfg_default.o)
 .ARM.attributes
                0x00000297       0x33 /usr/local/lpcxpresso_5.0.10_1022/lpcxpresso/tools/bin/../lib/gcc/arm-none-eabi/4.6.2/../../../../arm-none-eabi/lib/armv7-m/libcr_semihost.a(_cr__main.o)
 .ARM.attributes
                0x000002ca       0x33 /usr/local/lpcxpresso_5.0.10_1022/lpcxpresso/tools/bin/../lib/gcc/arm-none-eabi/4.6.2/../../../../arm-none-eabi/lib/armv7-m/libcr_c.a(memcpy.o)
 .ARM.attributes
                0x000002fd       0x33 /usr/local/lpcxpresso_5.0.10_1022/lpcxpresso/tools/bin/../lib/gcc/arm-none-eabi/4.6.2/../../../../arm-none-eabi/lib/armv7-m/libcr_c.a(memset.o)
 .ARM.attributes
                0x00000330       0x33 /usr/local/lpcxpresso_5.0.10_1022/lpcxpresso/tools/bin/../lib/gcc/arm-none-eabi/4.6.2/../../../../arm-none-eabi/lib/armv7-m/libcr_c.a(floor.o)
 .ARM.attributes
                0x00000363       0x33 /usr/local/lpcxpresso_5.0.10_1022/lpcxpresso/tools/bin/../lib/gcc/arm-none-eabi/4.6.2/../../../../arm-none-eabi/lib/armv7-m/libcr_c.a(fmod.o)
 .ARM.attributes
                0x00000396       0x33 /usr/local/lpcxpresso_5.0.10_1022/lpcxpresso/tools/bin/../lib/gcc/arm-none-eabi/4.6.2/../../../../arm-none-eabi/lib/armv7-m/libcr_c.a(initio.o)
 .ARM.attributes
                0x000003c9       0x33 /usr/local/lpcxpresso_5.0.10_1022/lpcxpresso/tools/bin/../lib/gcc/arm-none-eabi/4.6.2/../../../../arm-none-eabi/lib/armv7-m/libcr_c.a(memcmp.o)
 .ARM.attributes
                0x000003fc       0x33 /usr/local/lpcxpresso_5.0.10_1022/lpcxpresso/tools/bin/../lib/gcc/arm-none-eabi/4.6.2/../../../../arm-none-eabi/lib/armv7-m/libcr_c.a(modf.o)
 .ARM.attributes
                0x0000042f       0x33 /usr/local/lpcxpresso_5.0.10_1022/lpcxpresso/tools/bin/../lib/gcc/arm-none-eabi/4.6.2/../../../../arm-none-eabi/lib/armv7-m/libcr_c.a(setvbuf.o)
 .ARM.attributes
                0x00000462       0x33 /usr/local/lpcxpresso_5.0.10_1022/lpcxpresso/tools/bin/../lib/gcc/arm-none-eabi/4.6.2/../../../../arm-none-eabi/lib/armv7-m/libcr_c.a(stdio.o)
 .ARM.attributes
                0x00000495       0x33 /usr/local/lpcxpresso_5.0.10_1022/lpcxpresso/tools/bin/../lib/gcc/arm-none-eabi/4.6.2/../../../../arm-none-eabi/lib/armv7-m/libcr_c.a(strlen.o)
 .ARM.attributes
                0x000004c8       0x33 /usr/local/lpcxpresso_5.0.10_1022/lpcxpresso/tools/bin/../lib/gcc/arm-none-eabi/4.6.2/../../../../arm-none-eabi/lib/armv7-m/libcr_c.a(strncpy.o)
 .ARM.attributes
                0x000004fb       0x33 /usr/local/lpcxpresso_5.0.10_1022/lpcxpresso/tools/bin/../lib/gcc/arm-none-eabi/4.6.2/../../../../arm-none-eabi/lib/armv7-m/libcr_c.a(__fillbuf.o)
 .ARM.attributes
                0x0000052e       0x33 /usr/local/lpcxpresso_5.0.10_1022/lpcxpresso/tools/bin/../lib/gcc/arm-none-eabi/4.6.2/../../../../arm-none-eabi/lib/armv7-m/libcr_c.a(_deferredlazyseek.o)
 .ARM.attributes
                0x00000561       0x33 /usr/local/lpcxpresso_5.0.10_1022/lpcxpresso/tools/bin/../lib/gcc/arm-none-eabi/4.6.2/../../../../arm-none-eabi/lib/armv7-m/libcr_c.a(_fdopen.o)
 .ARM.attributes
                0x00000594       0x33 /usr/local/lpcxpresso_5.0.10_1022/lpcxpresso/tools/bin/../lib/gcc/arm-none-eabi/4.6.2/../../../../arm-none-eabi/lib/armv7-m/libcr_c.a(_fflush.o)
 .ARM.attributes
                0x000005c7       0x33 /usr/local/lpcxpresso_5.0.10_1022/lpcxpresso/tools/bin/../lib/gcc/arm-none-eabi/4.6.2/../../../../arm-none-eabi/lib/armv7-m/libcr_c.a(_hugeval.o)
 .ARM.attributes
                0x000005fa       0x33 /usr/local/lpcxpresso_5.0.10_1022/lpcxpresso/tools/bin/../lib/gcc/arm-none-eabi/4.6.2/../../../../arm-none-eabi/lib/armv7-m/libcr_c.a(_writebuf.o)
 .ARM.attributes
                0x0000062d       0x33 /usr/local/lpcxpresso_5.0.10_1022/lpcxpresso/tools/bin/../lib/gcc/arm-none-eabi/4.6.2/../../../../arm-none-eabi/lib/armv7-m/libcr_c.a(alloc.o)
 .ARM.attributes
                0x00000660       0x33 /usr/local/lpcxpresso_5.0.10_1022/lpcxpresso/tools/bin/../lib/gcc/arm-none-eabi/4.6.2/../../../../arm-none-eabi/lib/armv7-m/libcr_c.a(errno.o)
 .ARM.attributes
                0x00000693       0x33 /usr/local/lpcxpresso_5.0.10_1022/lpcxpresso/tools/bin/../lib/gcc/arm-none-eabi/4.6.2/../../../../arm-none-eabi/lib/armv7-m/libcr_c.a(fclose.o)
 .ARM.attributes
                0x000006c6       0x33 /usr/local/lpcxpresso_5.0.10_1022/lpcxpresso/tools/bin/../lib/gcc/arm-none-eabi/4.6.2/../../../../arm-none-eabi/lib/armv7-m/libcr_c.a(fflush.o)
 .ARM.attributes
                0x000006f9       0x33 /usr/local/lpcxpresso_5.0.10_1022/lpcxpresso/tools/bin/../lib/gcc/arm-none-eabi/4.6.2/../../../../arm-none-eabi/lib/armv7-m/libcr_c.a(fseek.o)
 .ARM.attributes
                0x0000072c       0x33 /usr/local/lpcxpresso_5.0.10_1022/lpcxpresso/tools/bin/../lib/gcc/arm-none-eabi/4.6.2/../../../../arm-none-eabi/lib/armv7-m/libcr_c.a(ftell.o)
 .ARM.attributes
                0x0000075f       0x33 /usr/local/lpcxpresso_5.0.10_1022/lpcxpresso/tools/bin/../lib/gcc/arm-none-eabi/4.6.2/../../../../arm-none-eabi/lib/armv7-m/libcr_c.a(remove.o)
 .ARM.attributes
                0x00000792       0x33 /usr/local/lpcxpresso_5.0.10_1022/lpcxpresso/tools/bin/../lib/gcc/arm-none-eabi/4.6.2/../../../../arm-none-eabi/lib/armv7-m/libcr_c.a(__init_alloc.o)
 .ARM.attributes
                0x000007c5       0x33 /usr/local/lpcxpresso_5.0.10_1022/lpcxpresso/tools/bin/../lib/gcc/arm-none-eabi/4.6.2/../../../../arm-none-eabi/lib/armv7-m/libcr_c.a(_do_fflush.o)
 .ARM.attributes
                0x000007f8       0x33 /usr/local/lpcxpresso_5.0.10_1022/lpcxpresso/tools/bin/../lib/gcc/arm-none-eabi/4.6.2/armv7-m/libcr_eabihelpers.a(double.o)
 .ARM.attributes
                0x0000082b       0x21 /usr/local/lpcxpresso_5.0.10_1022/lpcxpresso/tools/bin/../lib/gcc/arm-none-eabi/4.6.2/armv7-m/libcr_eabihelpers.a(memcpy.o)
 .ARM.attributes
                0x0000084c       0x21 /usr/local/lpcxpresso_5.0.10_1022/lpcxpresso/tools/bin/../lib/gcc/arm-none-eabi/4.6.2/../../../../arm-none-eabi/lib/armv7-m/libcr_semihost.a(__sys_appexit.o)
 .ARM.attributes
                0x0000086d       0x21 /usr/local/lpcxpresso_5.0.10_1022/lpcxpresso/tools/bin/../lib/gcc/arm-none-eabi/4.6.2/../../../../arm-none-eabi/lib/armv7-m/libcr_semihost.a(__sys_close.o)
 .ARM.attributes
                0x0000088e       0x21 /usr/local/lpcxpresso_5.0.10_1022/lpcxpresso/tools/bin/../lib/gcc/arm-none-eabi/4.6.2/../../../../arm-none-eabi/lib/armv7-m/libcr_semihost.a(__sys_flen.o)
 .ARM.attributes
                0x000008af       0x21 /usr/local/lpcxpresso_5.0.10_1022/lpcxpresso/tools/bin/../lib/gcc/arm-none-eabi/4.6.2/../../../../arm-none-eabi/lib/armv7-m/libcr_semihost.a(__sys_istty.o)
 .ARM.attributes
                0x000008d0       0x21 /usr/local/lpcxpresso_5.0.10_1022/lpcxpresso/tools/bin/../lib/gcc/arm-none-eabi/4.6.2/../../../../arm-none-eabi/lib/armv7-m/libcr_semihost.a(__sys_read.o)
 .ARM.attributes
                0x000008f1       0x21 /usr/local/lpcxpresso_5.0.10_1022/lpcxpresso/tools/bin/../lib/gcc/arm-none-eabi/4.6.2/../../../../arm-none-eabi/lib/armv7-m/libcr_semihost.a(__sys_readc.o)
 .ARM.attributes
                0x00000912       0x21 /usr/local/lpcxpresso_5.0.10_1022/lpcxpresso/tools/bin/../lib/gcc/arm-none-eabi/4.6.2/../../../../arm-none-eabi/lib/armv7-m/libcr_semihost.a(__sys_remove.o)
 .ARM.attributes
                0x00000933       0x21 /usr/local/lpcxpresso_5.0.10_1022/lpcxpresso/tools/bin/../lib/gcc/arm-none-eabi/4.6.2/../../../../arm-none-eabi/lib/armv7-m/libcr_semihost.a(__sys_rename.o)
 .ARM.attributes
                0x00000954       0x21 /usr/local/lpcxpresso_5.0.10_1022/lpcxpresso/tools/bin/../lib/gcc/arm-none-eabi/4.6.2/../../../../arm-none-eabi/lib/armv7-m/libcr_semihost.a(__sys_seek.o)
 .ARM.attributes
                0x00000975       0x21 /usr/local/lpcxpresso_5.0.10_1022/lpcxpresso/tools/bin/../lib/gcc/arm-none-eabi/4.6.2/../../../../arm-none-eabi/lib/armv7-m/libcr_semihost.a(__sys_tmpnam.o)
 .ARM.attributes
                0x00000996       0x21 /usr/local/lpcxpresso_5.0.10_1022/lpcxpresso/tools/bin/../lib/gcc/arm-none-eabi/4.6.2/../../../../arm-none-eabi/lib/armv7-m/libcr_semihost.a(__sys_write.o)
 .ARM.attributes
                0x000009b7       0x33 /usr/local/lpcxpresso_5.0.10_1022/lpcxpresso/tools/bin/../lib/gcc/arm-none-eabi/4.6.2/../../../../arm-none-eabi/lib/armv7-m/libcr_semihost.a(_cr_sbrk.o)
 .ARM.attributes
                0x000009ea       0x33 /usr/local/lpcxpresso_5.0.10_1022/lpcxpresso/tools/bin/../lib/gcc/arm-none-eabi/4.6.2/../../../../arm-none-eabi/lib/armv7-m/libcr_semihost.a(_cr_check_heap.o)

.debug_frame    0x00000000     0x10c0
 .debug_frame   0x00000000       0xc8 ./src/cr_startup_lpc176x.o
 .debug_frame   0x000000c8      0x1c8 ./src/main.o
 .debug_frame   0x00000290       0xc0 /home/pato/workspace/FreeRTOS_Library/Debug/libFreeRTOS_Library.a(port.o)
 .debug_frame   0x00000350      0x19c /home/pato/workspace/FreeRTOS_Library/Debug/libFreeRTOS_Library.a(queue.o)
 .debug_frame   0x000004ec      0x2cc /home/pato/workspace/FreeRTOS_Library/Debug/libFreeRTOS_Library.a(tasks.o)
 .debug_frame   0x000007b8       0x68 /home/pato/workspace/FreeRTOS_Library/Debug/libFreeRTOS_Library.a(heap_2.o)
 .debug_frame   0x00000820       0x68 /home/pato/workspace/FreeRTOS_Library/Debug/libFreeRTOS_Library.a(list.o)
 .debug_frame   0x00000888       0xbc /home/pato/workspace/Lib_CMSIS2p0_and_Drivers_17XX/Debug/libLib_CMSIS2p0_and_Drivers_17XX.a(lpc17xx_pinsel.o)
 .debug_frame   0x00000944      0x28c /home/pato/workspace/Lib_CMSIS2p0_and_Drivers_17XX/Debug/libLib_CMSIS2p0_and_Drivers_17XX.a(lpc17xx_rtc.o)
 .debug_frame   0x00000bd0      0x3a0 /home/pato/workspace/Lib_CMSIS2p0_and_Drivers_17XX/Debug/libLib_CMSIS2p0_and_Drivers_17XX.a(lpc17xx_uart.o)
 .debug_frame   0x00000f70       0x40 /home/pato/workspace/Lib_CMSIS2p0_and_Drivers_17XX/Debug/libLib_CMSIS2p0_and_Drivers_17XX.a(system_LPC17xx.o)
 .debug_frame   0x00000fb0       0xe4 /home/pato/workspace/Lib_CMSIS2p0_and_Drivers_17XX/Debug/libLib_CMSIS2p0_and_Drivers_17XX.a(lpc17xx_clkpwr.o)
 .debug_frame   0x00001094       0x2c /home/pato/workspace/Lib_CMSIS2p0_and_Drivers_17XX/Debug/libLib_CMSIS2p0_and_Drivers_17XX.a(lpc17xx_libcfg_default.o)
